// Jest Snapshot v1, https://goo.gl/fbAQLP

exports[`vamos a probar el <RegisterScreen/> debe retornar el swal cuando las contraseñas sean erroneas 1`] = `
<div
  className="container login-container"
>
  <div
    className="col-md-8 login-form-2"
  >
    <h3>
      Registro
    </h3>
    <form
      onSubmit={[Function]}
    >
      <div
        className="form-group"
      >
        <input
          className="form-control"
          name="rName"
          onChange={[Function]}
          placeholder="Nombre"
          type="text"
          value="Alex Rodriguez"
        />
      </div>
      <div
        className="form-group"
      >
        <input
          className="form-control"
          name="rEmail"
          onChange={[Function]}
          placeholder="Correo"
          type="email"
          value="sebaser99@hotmail.com"
        />
      </div>
      <div
        className="form-group"
      >
        <input
          className="form-control"
          name="rPassword1"
          onChange={[Function]}
          placeholder="Contraseña"
          type="password"
          value="123456"
        />
      </div>
      <div
        className="form-group"
      >
        <input
          className="form-control"
          name="rPassword2"
          onChange={[Function]}
          placeholder="Repita la contraseña"
          type="password"
          value="12345"
        />
      </div>
      <div
        className="form-group"
      >
        <input
          className="btnSubmit"
          type="submit"
          value="Crear cuenta"
        />
      </div>
    </form>
    <div
      className="px-5 overline blue"
      onClick={[Function]}
    >
       Volver
    </div>
  </div>
</div>
`;
